// Jest Snapshot v1, https://goo.gl/fbAQLP

exports[`Button 1`] = `
<div
  className="page-container"
>
  <div
    className="taskboard-creater"
    onClick={[Function]}
  >
    <i
      aria-hidden="true"
      className="fa fa-plus"
    />
    <span
      className="taskboard-creater-title"
    >
      New Task Wall
    </span>
    <noscript />
  </div>
  <div
    className="taskboard-boards"
  >
    <div
      className="board-group"
    >
      <div
        className="board-card-container"
      >
        <a
          className="taskboard-card"
          href="/task-board/3"
          onClick={[Function]}
          style={
            Object {
              "backgroundImage": "url(/storage/board-cover/c4e4c-a7e6f-53ac2-165f9)",
            }
          }
        >
          <div
            className="taskboard-card-info"
          >
            <div
              className="taskboard-card-info--name"
            >
              sdssdsdsdsssdsd!!!sd
            </div>
          </div>
        </a>
        <a
          className="taskboard-card"
          href="/task-board/10"
          onClick={[Function]}
          style={
            Object {
              "backgroundImage": "url(/static/image/board-cover/world-circle.png)",
            }
          }
        >
          <div
            className="taskboard-card-info"
          >
            <div
              className="taskboard-card-info--name"
            >
              jkj
            </div>
          </div>
        </a>
      </div>
    </div>
  </div>
</div>
`;
