// Jest Snapshot v1, https://goo.gl/fbAQLP

exports[`TodoBoxs 1`] = `
<ul
  className="todo-boxs"
>
  <div
    className="todo-box-creater-container"
  >
    <div>
      <div
        className="todo-box-creater--toggle"
        onClick={[Function]}
      >
        <i
          aria-hidden="true"
          className="fa fa-plus"
        />
        <span
          className="toggle-text"
        >
          Create Todo Box
        </span>
      </div>
      <noscript />
    </div>
  </div>
  <div
    className="todo-box-group-list"
  >
    <div
      className="box-group"
    >
      <div
        className="box-group--name all-todo-filter"
      >
        <div>
          <a
            href="/todo/"
            onClick={[Function]}
          >
            <i
              aria-hidden="true"
              className="fa fa-user-circle-o"
            />
            <span>
              All
            </span>
          </a>
        </div>
        <div>
          <a
            href="/todo/1"
            onClick={[Function]}
          >
            <i
              aria-hidden="true"
              className="fa fa-archive"
              style={
                Object {
                  "color": "#6c4e3e",
                }
              }
            />
            <span>
              Work Todo
            </span>
          </a>
        </div>
        <div>
          <a
            href="/todo/2"
            onClick={[Function]}
          >
            <i
              aria-hidden="true"
              className="fa fa-archive"
              style={
                Object {
                  "color": "#3f8ba4",
                }
              }
            />
            <span>
              Home Todo
            </span>
          </a>
        </div>
      </div>
    </div>
  </div>
</ul>
`;
