// Jest Snapshot v1, https://goo.gl/fbAQLP

exports[`TaskBoard 1`] = `
<div
  className="board-container"
>
  <div
    className="taskboard-header"
  >
    <div
      className="taskboard-name"
    >
      <test-file-stub
        className="taskboard-name--star"
      />
      <a
        className="taskboard-name--text"
        href="/task-board/15"
        onClick={[Function]}
      >
        sdsd!
      </a>
    </div>
    <div
      className="taskboard-header-setting"
      onClick={[Function]}
    >
      <i
        aria-hidden="true"
        className="fa fa-cog"
      />
      <span>
        setting
      </span>
    </div>
  </div>
  <div />
</div>
`;
