// Jest Snapshot v1, https://goo.gl/fbAQLP

exports[`Todo Component render 1`] = `
<div>
  <div
    className="todo"
  >
    <div
      className="todo--main"
    >
      <div
        className="checkbox"
        onClick={undefined}
      >
        <label
          className="checkbox--mock"
        >
          <input
            checked={1}
            onChange={[Function]}
            type="checkbox"
          />
          <i
            aria-hidden="true"
            className="fa fa-check-square-o"
          />
        </label>
      </div>
      <div
        className="todo--content"
        onClick={[Function]}
        style={
          Object {
            "display": "block",
          }
        }
      >
        I'am a Todo.
      </div>
      <textarea
        className="todo--content__input"
        defaultValue="I'am a Todo."
        onChange={[Function]}
        onKeyDown={[Function]}
        style={
          Object {
            "display": "none",
            "height": 0,
          }
        }
      />
      <div
        className="todo-hover-operation"
      >
        <img
          className="image-icon"
          onClick={[Function]}
          src="/assets/icons/chart.png"
        />
        <img
          className="image-icon icon-delete"
          onClick={[Function]}
          src="/assets/icons/remove-red.png"
        />
      </div>
      <div
        className="star-checkbox"
        onClick={undefined}
      >
        <label
          className="star-checkbox--mock"
        >
          <input
            checked={0}
            onChange={[Function]}
            type="checkbox"
          />
          <i
            aria-hidden="true"
            className="fa fa-square-o"
          />
        </label>
      </div>
    </div>
  </div>
</div>
`;
