// Jest Snapshot v1, https://goo.gl/fbAQLP

exports[`Infomation 1`] = `
<div
  className="board-setting-infomation"
>
  <h3>
    Infomation
  </h3>
  <div
    className="board-cover"
  >
    <div
      className="board-cover--heading"
    >
      Board Cover:
    </div>
    <div
      className="board-cover--wrapper"
    >
      <img
        className="cover-image"
        src="/storage/board-cover/71d40-59335-ce623-3dbb3"
      />
    </div>
    <div
      className="board-cover--uploader"
    >
      <div
        className="image-uploader"
      >
        <button
          className="button middle default border-primary  image-uploader--button"
          disabled={undefined}
          onClick={[Function]}
          type={undefined}
        >
          Upload new Cover
        </button>
        <input
          onChange={[Function]}
          type="file"
        />
        <noscript />
      </div>
    </div>
  </div>
  <div
    className="board-name"
  >
    <div
      className="board-name--heading"
    >
      Board Name:
    </div>
    <div>
      <input
        className="board-name--input"
        defaultValue="sdsd!"
        onChange={[Function]}
      />
    </div>
  </div>
  <div
    className="board-description"
  >
    <div
      className="board-description--heading"
    >
      Board Description:
    </div>
    <div>
      <textarea
        className="board-description--input"
      />
    </div>
  </div>
</div>
`;
