// Jest Snapshot v1, https://goo.gl/fbAQLP

exports[`Website Nav 1`] = `
<nav
  className="nav"
>
  <div
    className="logoban"
    onClick={[Function]}
  >
    <img
      className="logo"
      src="/static/logo.png"
    />
    <img
      className="text-logo"
      src="/static/text-logo-white.svg"
    />
  </div>
  <div
    className="nav-link-area"
  >
    <div>
      <ul
        className="nav-links__large-device"
      >
        <li>
          <a
            href="/home"
            onClick={[Function]}
          >
            Dash
          </a>
        </li>
        <li
          className=""
        >
          <a
            href="/task-board"
            onClick={[Function]}
          >
            Task
          </a>
        </li>
        <li
          className=""
        >
          <a
            href="/todo"
            onClick={[Function]}
          >
            Todo
          </a>
        </li>
        <li
          className=""
        >
          <a
            href="/wiki"
            onClick={[Function]}
          >
            Wiki
          </a>
        </li>
        <li
          className=""
        >
          <a
            href="/mind"
            onClick={[Function]}
          >
            Mind
          </a>
        </li>
      </ul>
      <div
        className="nav-links__small-device"
      >
        <div
          className="nav-active-link__small-device"
          onClick={[Function]}
        >
          Octopus
          <i
            aria-hidden="true"
            className="fa fa-angle-down"
          />
        </div>
        <noscript />
      </div>
    </div>
  </div>
  <div
    className="avatar-area"
  >
    <div
      onClick={[Function]}
    >
      <img
        className="nav-avatar"
        crossOrigin="Anonymous"
        src="https://www.gravatar.com/avatar/50fe9076fe9e2143e68bd431c75ba1da"
      />
      <i
        aria-hidden="true"
        className="fa fa-angle-down"
      />
    </div>
    <noscript />
  </div>
</nav>
`;
