// Jest Snapshot v1, https://goo.gl/fbAQLP

exports[`SignUp 1`] = `
<div
  className="page-container signup-page"
>
  <div
    className="signup-main"
  >
    <div
      className="logoban"
      onClick={[Function]}
    >
      <img
        className="logo"
        src="/static/logo.png"
      />
      <img
        className="text-logo"
        src="/static/text-logo.svg"
      />
    </div>
    <form
      className="signup-form"
      onSubmit={[Function]}
    >
      <div>
        <input
          name="octopus-email"
          onChange={[Function]}
          placeholder="Email"
          required={true}
          type="text"
        />
      </div>
      <div>
        <input
          name="octopus-username"
          onChange={[Function]}
          placeholder="Name"
          required={true}
          type="text"
        />
      </div>
      <div>
        <input
          name="octopus-password"
          onChange={[Function]}
          placeholder="Password"
          required={true}
          type="password"
        />
      </div>
      <div>
        <input
          name="octopus-confirm-password"
          onChange={[Function]}
          placeholder="Password ConfirmPassword"
          required={true}
          type="password"
        />
      </div>
      <noscript />
      <button
        className="button large primary border-default  signup-button"
        disabled={undefined}
        onClick={undefined}
        type="submit"
      >
        Sign Up
      </button>
    </form>
    <div
      className="signin-tip"
    >
      Already has an Account?
      <a
        className="signin-link"
        href="/signin"
        onClick={[Function]}
      >
        Sign In
      </a>
    </div>
  </div>
</div>
`;
